// Jest Snapshot v1, https://goo.gl/fbAQLP

exports[`<Navbar /> renders correctly 1`] = `
ShallowWrapper {
  "length": 1,
  Symbol(enzyme.__root__): [Circular],
  Symbol(enzyme.__unrendered__): <AppBarExampleIconButton />,
  Symbol(enzyme.__renderer__): Object {
    "batchedUpdates": [Function],
    "getNode": [Function],
    "render": [Function],
    "simulateEvent": [Function],
    "unmount": [Function],
  },
  Symbol(enzyme.__node__): Object {
    "instance": null,
    "key": undefined,
    "nodeType": "class",
    "props": Object {
      "iconElementLeft": <IconButton
        disableTouchRipple={false}
        disabled={false}
        iconStyle={Object {}}
        tooltipPosition="bottom-center"
        touch={false}
/>,
      "iconElementRight": <FlatButton
        disabled={false}
        fullWidth={false}
        label="Find Restaurants nearby"
        labelPosition="after"
        labelStyle={Object {}}
        onKeyboardFocus={[Function]}
        onMouseEnter={[Function]}
        onMouseLeave={[Function]}
        onTouchStart={[Function]}
        primary={false}
        secondary={false}
/>,
      "onRightIconButtonClick": [Function],
      "onTitleClick": [Function],
      "showMenuIconButton": true,
      "title": <span
        style={
                Object {
                        "cursor": "pointer",
                      }
        }
>
        Just Eat it!
</span>,
      "zDepth": 1,
    },
    "ref": null,
    "rendered": null,
    "type": [Function],
  },
  Symbol(enzyme.__nodes__): Array [
    Object {
      "instance": null,
      "key": undefined,
      "nodeType": "class",
      "props": Object {
        "iconElementLeft": <IconButton
          disableTouchRipple={false}
          disabled={false}
          iconStyle={Object {}}
          tooltipPosition="bottom-center"
          touch={false}
/>,
        "iconElementRight": <FlatButton
          disabled={false}
          fullWidth={false}
          label="Find Restaurants nearby"
          labelPosition="after"
          labelStyle={Object {}}
          onKeyboardFocus={[Function]}
          onMouseEnter={[Function]}
          onMouseLeave={[Function]}
          onTouchStart={[Function]}
          primary={false}
          secondary={false}
/>,
        "onRightIconButtonClick": [Function],
        "onTitleClick": [Function],
        "showMenuIconButton": true,
        "title": <span
          style={
                    Object {
                              "cursor": "pointer",
                            }
          }
>
          Just Eat it!
</span>,
        "zDepth": 1,
      },
      "ref": null,
      "rendered": null,
      "type": [Function],
    },
  ],
  Symbol(enzyme.__options__): Object {
    "adapter": ReactSixteenAdapter {
      "options": Object {
        "enableComponentDidUpdateOnSetState": true,
      },
    },
  },
}
`;
