// Jest Snapshot v1, https://goo.gl/fbAQLP

exports[`<NotFound /> renders correctly 1`] = `
ReactWrapper {
  "length": 1,
  Symbol(enzyme.__unrendered__): <Unknown />,
  Symbol(enzyme.__renderer__): Object {
    "batchedUpdates": [Function],
    "getNode": [Function],
    "render": [Function],
    "simulateEvent": [Function],
    "unmount": [Function],
  },
  Symbol(enzyme.__root__): [Circular],
  Symbol(enzyme.__node__): Object {
    "instance": null,
    "key": undefined,
    "nodeType": "function",
    "props": Object {},
    "ref": null,
    "rendered": Object {
      "instance": <div>
        <h2
                class="not-found"
        >
                Not Restaurants found, please try searching for another city
        </h2>
</div>,
      "key": undefined,
      "nodeType": "host",
      "props": Object {
        "children": <h2
          className="not-found"
>
          Not Restaurants found, please try searching for another city
</h2>,
      },
      "ref": null,
      "rendered": Array [
        Object {
          "instance": <h2
            class="not-found"
>
            Not Restaurants found, please try searching for another city
</h2>,
          "key": undefined,
          "nodeType": "host",
          "props": Object {
            "children": "Not Restaurants found, please try searching for another city",
            "className": "not-found",
          },
          "ref": null,
          "rendered": Array [
            "Not Restaurants found, please try searching for another city",
          ],
          "type": "h2",
        },
      ],
      "type": "div",
    },
    "type": [Function],
  },
  Symbol(enzyme.__nodes__): Array [
    Object {
      "instance": null,
      "key": undefined,
      "nodeType": "function",
      "props": Object {},
      "ref": null,
      "rendered": Object {
        "instance": <div>
          <h2
                    class="not-found"
          >
                    Not Restaurants found, please try searching for another city
          </h2>
</div>,
        "key": undefined,
        "nodeType": "host",
        "props": Object {
          "children": <h2
            className="not-found"
>
            Not Restaurants found, please try searching for another city
</h2>,
        },
        "ref": null,
        "rendered": Array [
          Object {
            "instance": <h2
              class="not-found"
>
              Not Restaurants found, please try searching for another city
</h2>,
            "key": undefined,
            "nodeType": "host",
            "props": Object {
              "children": "Not Restaurants found, please try searching for another city",
              "className": "not-found",
            },
            "ref": null,
            "rendered": Array [
              "Not Restaurants found, please try searching for another city",
            ],
            "type": "h2",
          },
        ],
        "type": "div",
      },
      "type": [Function],
    },
  ],
  Symbol(enzyme.__options__): Object {
    "adapter": ReactSixteenAdapter {
      "options": Object {
        "enableComponentDidUpdateOnSetState": true,
      },
    },
    "disableLifecycleMethods": true,
  },
}
`;
